../Core/Src/main.c:97:5:main	16	static
../Core/Src/main.c:189:6:SystemClock_Config	88	static
../Core/Src/main.c:243:13:MX_ADC1_Init	24	static
../Core/Src/main.c:295:13:MX_TIM2_Init	48	static
../Core/Src/main.c:344:13:MX_USART2_UART_Init	8	static
../Core/Src/main.c:375:13:MX_DMA_Init	16	static
../Core/Src/main.c:396:13:MX_GPIO_Init	48	static
../Core/Src/main.c:431:6:set_pwm_function	16	static
../Core/Src/main.c:436:13:PhotoCellTask	40	static
../Core/Src/main.c:497:6:HAL_TIM_PeriodElapsedCallback	16	static
../Core/Src/main.c:515:6:Error_Handler	4	static,ignoring_inline_asm
