../Core/Src/main.c:79:5:main	48	static
../Core/Src/main.c:157:6:SystemClock_Config	88	static
../Core/Src/main.c:211:13:MX_ADC1_Init	24	static
../Core/Src/main.c:263:13:MX_TIM2_Init	48	static
../Core/Src/main.c:312:13:MX_USART2_UART_Init	8	static
../Core/Src/main.c:343:13:MX_DMA_Init	16	static
../Core/Src/main.c:364:13:MX_GPIO_Init	48	static
../Core/Src/main.c:409:6:StartDefaultTask	16	static
../Core/Src/main.c:428:6:HAL_TIM_PeriodElapsedCallback	16	static
../Core/Src/main.c:446:6:Error_Handler	4	static,ignoring_inline_asm
