../Core/Src/main.c:97:5:main	48	static
../Core/Src/main.c:196:6:SystemClock_Config	88	static
../Core/Src/main.c:250:13:MX_ADC1_Init	24	static
../Core/Src/main.c:302:13:MX_TIM2_Init	48	static
../Core/Src/main.c:351:13:MX_USART2_UART_Init	8	static
../Core/Src/main.c:382:13:MX_DMA_Init	16	static
../Core/Src/main.c:403:13:MX_GPIO_Init	48	static
../Core/Src/main.c:466:6:set_pwm_function	16	static
../Core/Src/main.c:471:13:PIDControlTask	40	static
../Core/Src/main.c:515:6:HAL_TIM_PeriodElapsedCallback	16	static
../Core/Src/main.c:533:6:Error_Handler	4	static,ignoring_inline_asm
