../Core/Src/main.c:91:5:main	16	static
../Core/Src/main.c:183:6:SystemClock_Config	88	static
../Core/Src/main.c:237:13:MX_ADC1_Init	24	static
../Core/Src/main.c:289:13:MX_TIM2_Init	48	static
../Core/Src/main.c:338:13:MX_USART2_UART_Init	8	static
../Core/Src/main.c:369:13:MX_DMA_Init	16	static
../Core/Src/main.c:390:13:MX_GPIO_Init	48	static
../Core/Src/main.c:425:13:PhotoCellTask	40	static
../Core/Src/main.c:470:6:HAL_TIM_PeriodElapsedCallback	16	static
../Core/Src/main.c:488:6:Error_Handler	4	static,ignoring_inline_asm
